INFO: [VRFC 10-2263] Analyzing Verilog file "C:/Users/eduar/Documents/GitHub/school/ece524l-fpga-asic-design-lab/lab-1-clocks-and-counters-project/lab-1-clocks-and-counters-project-feranmi.srcs/sources_1/imports/ece524-lab1-code-feranmi/BCD_Counter.v" into library xil_defaultlib
INFO: [VRFC 10-311] analyzing module BCD_Counter
INFO: [VRFC 10-2263] Analyzing Verilog file "C:/Users/eduar/Documents/GitHub/school/ece524l-fpga-asic-design-lab/lab-1-clocks-and-counters-project/lab-1-clocks-and-counters-project-feranmi.srcs/sources_1/imports/ece524-lab1-code-feranmi/bit_counter.v" into library xil_defaultlib
INFO: [VRFC 10-311] analyzing module bit_counter
INFO: [VRFC 10-2263] Analyzing Verilog file "C:/Users/eduar/Documents/GitHub/school/ece524l-fpga-asic-design-lab/lab-1-clocks-and-counters-project/lab-1-clocks-and-counters-project-feranmi.srcs/sources_1/imports/ece524-lab1-code-feranmi/clock_divider.v" into library xil_defaultlib
INFO: [VRFC 10-311] analyzing module clock_divider
INFO: [VRFC 10-2263] Analyzing Verilog file "C:/Users/eduar/Documents/GitHub/school/ece524l-fpga-asic-design-lab/lab-1-clocks-and-counters-project/lab-1-clocks-and-counters-project-feranmi.srcs/sources_1/imports/ece524-lab1-code-feranmi/even_counter.v" into library xil_defaultlib
INFO: [VRFC 10-311] analyzing module even_counter
INFO: [VRFC 10-2263] Analyzing Verilog file "C:/Users/eduar/Documents/GitHub/school/ece524l-fpga-asic-design-lab/lab-1-clocks-and-counters-project/lab-1-clocks-and-counters-project-feranmi.srcs/sources_1/imports/ece524-lab1-code-feranmi/fibonacci_counter.v" into library xil_defaultlib
INFO: [VRFC 10-311] analyzing module fibonacci_counter
INFO: [VRFC 10-2263] Analyzing Verilog file "C:/Users/eduar/Documents/GitHub/school/ece524l-fpga-asic-design-lab/lab-1-clocks-and-counters-project/lab-1-clocks-and-counters-project-feranmi.srcs/sources_1/imports/ece524-lab1-code-feranmi/greycode_counter.v" into library xil_defaultlib
INFO: [VRFC 10-311] analyzing module gray_counter
INFO: [VRFC 10-2263] Analyzing Verilog file "C:/Users/eduar/Documents/GitHub/school/ece524l-fpga-asic-design-lab/lab-1-clocks-and-counters-project/lab-1-clocks-and-counters-project-feranmi.srcs/sources_1/imports/ece524-lab1-code-feranmi/johnson_counter.v" into library xil_defaultlib
INFO: [VRFC 10-311] analyzing module johnson_counter
INFO: [VRFC 10-2263] Analyzing Verilog file "C:/Users/eduar/Documents/GitHub/school/ece524l-fpga-asic-design-lab/lab-1-clocks-and-counters-project/lab-1-clocks-and-counters-project-feranmi.srcs/sources_1/imports/ece524-lab1-code-feranmi/odd_counter.v" into library xil_defaultlib
INFO: [VRFC 10-311] analyzing module odd_counter
INFO: [VRFC 10-2263] Analyzing Verilog file "C:/Users/eduar/Documents/GitHub/school/ece524l-fpga-asic-design-lab/lab-1-clocks-and-counters-project/lab-1-clocks-and-counters-project-feranmi.srcs/sources_1/imports/ece524-lab1-code-feranmi/ring_counter.v" into library xil_defaultlib
INFO: [VRFC 10-311] analyzing module ring_counter
INFO: [VRFC 10-2263] Analyzing Verilog file "C:/Users/eduar/Documents/GitHub/school/ece524l-fpga-asic-design-lab/lab-1-clocks-and-counters-project/lab-1-clocks-and-counters-project-feranmi.srcs/sources_1/imports/ece524-lab1-code-feranmi/top_level.v" into library xil_defaultlib
INFO: [VRFC 10-311] analyzing module top_level_counter_mux
INFO: [VRFC 10-2263] Analyzing Verilog file "C:/Users/eduar/Documents/GitHub/school/ece524l-fpga-asic-design-lab/lab-1-clocks-and-counters-project/lab-1-clocks-and-counters-project-feranmi.srcs/sim_1/new/tb_top_level.v" into library xil_defaultlib
INFO: [VRFC 10-311] analyzing module tb_top_level
