#-----------------------------------------------------------
# Vivado v2023.1 (64-bit)
# SW Build 3865809 on Sun May  7 15:05:29 MDT 2023
# IP Build 3864474 on Sun May  7 20:36:21 MDT 2023
# SharedData Build 3865790 on Sun May 07 13:33:03 MDT 2023
# Start of session at: Mon Sep 14 16:46:36 2026
# Process ID: 15660
# Current directory: C:/Users/eduar/Documents/GitHub/school/ece524l-fpga-asic-design-lab/lab-1-clocks-and-counters-project/lab-1-clocks-and-counters-project-feranmi.runs/synth_1
# Command line: vivado.exe -log top_level_counter_mux.vds -product Vivado -mode batch -messageDb vivado.pb -notrace -source top_level_counter_mux.tcl
# Log file: C:/Users/eduar/Documents/GitHub/school/ece524l-fpga-asic-design-lab/lab-1-clocks-and-counters-project/lab-1-clocks-and-counters-project-feranmi.runs/synth_1/top_level_counter_mux.vds
# Journal file: C:/Users/eduar/Documents/GitHub/school/ece524l-fpga-asic-design-lab/lab-1-clocks-and-counters-project/lab-1-clocks-and-counters-project-feranmi.runs/synth_1\vivado.jou
# Running On: TABLET-9UARK71U, OS: Windows, CPU Frequency: 2995 MHz, CPU Physical cores: 4, Host memory: 16983 MB
#-----------------------------------------------------------
source top_level_counter_mux.tcl -notrace
