Copyright 1986-2022 Xilinx, Inc. All Rights Reserved. Copyright 2022-2023 Advanced Micro Devices, Inc. All Rights Reserved.
---------------------------------------------------------------------------------------------------------------------------------------------
| Tool Version : Vivado v.2023.1 (win64) Build 3865809 Sun May  7 15:05:29 MDT 2023
| Date         : Wed Sep 23 17:53:17 2026
| Host         : TABLET-9UARK71U running 64-bit major release  (build 9200)
| Command      : report_control_sets -verbose -file main_control_sets_placed.rpt
| Design       : main
| Device       : xc7z010
---------------------------------------------------------------------------------------------------------------------------------------------

Control Set Information

Table of Contents
-----------------
1. Summary
2. Histogram
3. Flip-Flop Distribution
4. Detailed Control Set Information

1. Summary
----------

+----------------------------------------------------------+-------+
|                          Status                          | Count |
+----------------------------------------------------------+-------+
| Total control sets                                       |     8 |
|    Minimum number of control sets                        |     8 |
|    Addition due to synthesis replication                 |     0 |
|    Addition due to physical synthesis replication        |     0 |
| Unused register locations in slices containing registers |    16 |
+----------------------------------------------------------+-------+
* Control sets can be merged at opt_design using control_set_merge or merge_equivalent_drivers
** Run report_qor_suggestions for automated merging and remapping suggestions


2. Histogram
------------

+--------------------+-------+
|       Fanout       | Count |
+--------------------+-------+
| Total control sets |     8 |
| >= 0 to < 4        |     0 |
| >= 4 to < 6        |     2 |
| >= 6 to < 8        |     4 |
| >= 8 to < 10       |     0 |
| >= 10 to < 12      |     0 |
| >= 12 to < 14      |     0 |
| >= 14 to < 16      |     0 |
| >= 16              |     2 |
+--------------------+-------+
* Control sets can be remapped at either synth_design or opt_design


3. Flip-Flop Distribution
-------------------------

+--------------+-----------------------+------------------------+-----------------+--------------+
| Clock Enable | Synchronous Set/Reset | Asynchronous Set/Reset | Total Registers | Total Slices |
+--------------+-----------------------+------------------------+-----------------+--------------+
| No           | No                    | No                     |              24 |           14 |
| No           | No                    | Yes                    |               0 |            0 |
| No           | Yes                   | No                     |              27 |            8 |
| Yes          | No                    | No                     |              29 |            8 |
| Yes          | No                    | Yes                    |               0 |            0 |
| Yes          | Yes                   | No                     |               0 |            0 |
+--------------+-----------------------+------------------------+-----------------+--------------+


4. Detailed Control Set Information
-----------------------------------

+----------------+---------------------------+---------------------------+------------------+----------------+--------------+
|  Clock Signal  |       Enable Signal       |      Set/Reset Signal     | Slice Load Count | Bel Load Count | Bels / Slice |
+----------------+---------------------------+---------------------------+------------------+----------------+--------------+
|  clk_IBUF_BUFG | C0/Col[3]_i_1_n_0         |                           |                1 |              4 |         4.00 |
|  clk_IBUF_BUFG | C0/DecodeOut[3]_i_1_n_0   |                           |                2 |              4 |         2.00 |
|  clk_IBUF_BUFG |                           | C0/sclk[19]_i_1_n_0       |                3 |              6 |         2.00 |
|  clk_IBUF_BUFG | C0/KeyValid               |                           |                1 |              7 |         7.00 |
|  clk_IBUF_BUFG | C0/E[0]                   |                           |                2 |              7 |         3.50 |
|  clk_IBUF_BUFG | display_controller/segOut |                           |                2 |              7 |         3.50 |
|  clk_IBUF_BUFG |                           | display_controller/segOut |                5 |             21 |         4.20 |
|  clk_IBUF_BUFG |                           |                           |               14 |             24 |         1.71 |
+----------------+---------------------------+---------------------------+------------------+----------------+--------------+


