Copyright 1986-2022 Xilinx, Inc. All Rights Reserved. Copyright 2022-2023 Advanced Micro Devices, Inc. All Rights Reserved.
------------------------------------------------------------------------------------------------------------------------------------------------------------------------------------------------------------------
| Tool Version : Vivado v.2023.1 (win64) Build 3865809 Sun May  7 15:05:29 MDT 2023
| Date         : Thu Aug 27 10:34:12 2026
| Host         : TABLET-9UARK71U running 64-bit major release  (build 9200)
| Command      : report_timing_summary -max_paths 10 -report_unconstrained -file swToLed_timing_summary_routed.rpt -pb swToLed_timing_summary_routed.pb -rpx swToLed_timing_summary_routed.rpx -warn_on_violation
| Design       : swToLed
| Device       : 7z020-clg484
| Speed File   : -1  PRODUCTION 1.12 2019-11-22
| Design State : Routed
------------------------------------------------------------------------------------------------------------------------------------------------------------------------------------------------------------------

Timing Summary Report

------------------------------------------------------------------------------------------------
| Timer Settings
| --------------
------------------------------------------------------------------------------------------------

  Enable Multi Corner Analysis               :  Yes
  Enable Pessimism Removal                   :  Yes
  Pessimism Removal Resolution               :  Nearest Common Node
  Enable Input Delay Default Clock           :  No
  Enable Preset / Clear Arcs                 :  No
  Disable Flight Delays                      :  No
  Ignore I/O Paths                           :  No
  Timing Early Launch at Borrowing Latches   :  No
  Borrow Time for Max Delay Exceptions       :  Yes
  Merge Timing Exceptions                    :  Yes

  Corner  Analyze    Analyze    
  Name    Max Paths  Min Paths  
  ------  ---------  ---------  
  Slow    Yes        Yes        
  Fast    Yes        Yes        


------------------------------------------------------------------------------------------------
| Report Methodology
| ------------------
------------------------------------------------------------------------------------------------

No report available as report_methodology has not been run prior. Run report_methodology on the current design for the summary of methodology violations.



check_timing report

Table of Contents
-----------------
1. checking no_clock (0)
2. checking constant_clock (0)
3. checking pulse_width_clock (0)
4. checking unconstrained_internal_endpoints (0)
5. checking no_input_delay (0)
6. checking no_output_delay (0)
7. checking multiple_clock (0)
8. checking generated_clocks (0)
9. checking loops (0)
10. checking partial_input_delay (0)
11. checking partial_output_delay (0)
12. checking latch_loops (0)

1. checking no_clock (0)
------------------------
 There are 0 register/latch pins with no clock.


2. checking constant_clock (0)
------------------------------
 There are 0 register/latch pins with constant_clock.


3. checking pulse_width_clock (0)
---------------------------------
 There are 0 register/latch pins which need pulse_width check


4. checking unconstrained_internal_endpoints (0)
------------------------------------------------
 There are 0 pins that are not constrained for maximum delay.

 There are 0 pins that are not constrained for maximum delay due to constant clock.


5. checking no_input_delay (0)
------------------------------
 There are 0 input ports with no input delay specified.

 There are 0 input ports with no input delay but user has a false path constraint.


6. checking no_output_delay (0)
-------------------------------
 There are 0 ports with no output delay specified.

 There are 0 ports with no output delay but user has a false path constraint

 There are 0 ports with no output delay but with a timing clock defined on it or propagating through it


7. checking multiple_clock (0)
------------------------------
 There are 0 register/latch pins with multiple clocks.


8. checking generated_clocks (0)
--------------------------------
 There are 0 generated clocks that are not connected to a clock source.


9. checking loops (0)
---------------------
 There are 0 combinational loops in the design.


10. checking partial_input_delay (0)
------------------------------------
 There are 0 input ports with partial input delay specified.


11. checking partial_output_delay (0)
-------------------------------------
 There are 0 ports with partial output delay specified.


12. checking latch_loops (0)
----------------------------
 There are 0 combinational latch loops in the design through latch input



------------------------------------------------------------------------------------------------
| Design Timing Summary
| ---------------------
------------------------------------------------------------------------------------------------

    WNS(ns)      TNS(ns)  TNS Failing Endpoints  TNS Total Endpoints      WHS(ns)      THS(ns)  THS Failing Endpoints  THS Total Endpoints     WPWS(ns)     TPWS(ns)  TPWS Failing Endpoints  TPWS Total Endpoints  
    -------      -------  ---------------------  -------------------      -------      -------  ---------------------  -------------------     --------     --------  ----------------------  --------------------  
        inf        0.000                      0                    8          inf        0.000                      0                    8           NA           NA                      NA                    NA  


There are no user specified timing constraints.


------------------------------------------------------------------------------------------------
| Clock Summary
| -------------
------------------------------------------------------------------------------------------------


------------------------------------------------------------------------------------------------
| Intra Clock Table
| -----------------
------------------------------------------------------------------------------------------------

Clock             WNS(ns)      TNS(ns)  TNS Failing Endpoints  TNS Total Endpoints      WHS(ns)      THS(ns)  THS Failing Endpoints  THS Total Endpoints     WPWS(ns)     TPWS(ns)  TPWS Failing Endpoints  TPWS Total Endpoints  
-----             -------      -------  ---------------------  -------------------      -------      -------  ---------------------  -------------------     --------     --------  ----------------------  --------------------  


------------------------------------------------------------------------------------------------
| Inter Clock Table
| -----------------
------------------------------------------------------------------------------------------------

From Clock    To Clock          WNS(ns)      TNS(ns)  TNS Failing Endpoints  TNS Total Endpoints      WHS(ns)      THS(ns)  THS Failing Endpoints  THS Total Endpoints  
----------    --------          -------      -------  ---------------------  -------------------      -------      -------  ---------------------  -------------------  


------------------------------------------------------------------------------------------------
| Other Path Groups Table
| -----------------------
------------------------------------------------------------------------------------------------

Path Group    From Clock    To Clock          WNS(ns)      TNS(ns)  TNS Failing Endpoints  TNS Total Endpoints      WHS(ns)      THS(ns)  THS Failing Endpoints  THS Total Endpoints  
----------    ----------    --------          -------      -------  ---------------------  -------------------      -------      -------  ---------------------  -------------------  


------------------------------------------------------------------------------------------------
| User Ignored Path Table
| -----------------------
------------------------------------------------------------------------------------------------

Path Group    From Clock    To Clock    
----------    ----------    --------    


------------------------------------------------------------------------------------------------
| Unconstrained Path Table
| ------------------------
------------------------------------------------------------------------------------------------

Path Group    From Clock    To Clock    
----------    ----------    --------    
(none)                                    


------------------------------------------------------------------------------------------------
| Timing Details
| --------------
------------------------------------------------------------------------------------------------


--------------------------------------------------------------------------------------
Path Group:  (none)
From Clock:  
  To Clock:  

Max Delay             8 Endpoints
Min Delay             8 Endpoints
--------------------------------------------------------------------------------------


Max Delay Paths
--------------------------------------------------------------------------------------
Slack:                    inf
  Source:                 sw[1]
                            (input port)
  Destination:            led[2]
                            (output port)
  Path Group:             (none)
  Path Type:              Max at Slow Process Corner
  Data Path Delay:        9.628ns  (logic 4.838ns (50.245%)  route 4.790ns (49.755%))
  Logic Levels:           3  (IBUF=1 LUT3=1 OBUF=1)

    Location             Delay type                Incr(ns)  Path(ns)    Netlist Resource(s)
  -------------------------------------------------------------------    -------------------
    G22                                               0.000     0.000 r  sw[1] (IN)
                         net (fo=0)                   0.000     0.000    sw[1]
    G22                  IBUF (Prop_ibuf_I_O)         0.954     0.954 r  sw_IBUF[1]_inst/O
                         net (fo=2, routed)           1.665     2.620    sw_IBUF[1]
    SLICE_X113Y84        LUT3 (Prop_lut3_I0_O)        0.150     2.770 r  led_OBUF[2]_inst_i_1/O
                         net (fo=1, routed)           3.125     5.895    led_OBUF[2]
    U22                  OBUF (Prop_obuf_I_O)         3.733     9.628 r  led_OBUF[2]_inst/O
                         net (fo=0)                   0.000     9.628    led[2]
    U22                                                               r  led[2] (OUT)
  -------------------------------------------------------------------    -------------------

Slack:                    inf
  Source:                 sw[2]
                            (input port)
  Destination:            led[3]
                            (output port)
  Path Group:             (none)
  Path Type:              Max at Slow Process Corner
  Data Path Delay:        9.290ns  (logic 4.595ns (49.462%)  route 4.695ns (50.538%))
  Logic Levels:           3  (IBUF=1 LUT2=1 OBUF=1)

    Location             Delay type                Incr(ns)  Path(ns)    Netlist Resource(s)
  -------------------------------------------------------------------    -------------------
    H22                                               0.000     0.000 r  sw[2] (IN)
                         net (fo=0)                   0.000     0.000    sw[2]
    H22                  IBUF (Prop_ibuf_I_O)         0.941     0.941 r  sw_IBUF[2]_inst/O
                         net (fo=3, routed)           1.630     2.571    sw_IBUF[2]
    SLICE_X113Y84        LUT2 (Prop_lut2_I0_O)        0.124     2.695 r  led_OBUF[3]_inst_i_1/O
                         net (fo=1, routed)           3.065     5.760    led_OBUF[3]
    U21                  OBUF (Prop_obuf_I_O)         3.530     9.290 r  led_OBUF[3]_inst/O
                         net (fo=0)                   0.000     9.290    led[3]
    U21                                                               r  led[3] (OUT)
  -------------------------------------------------------------------    -------------------

Slack:                    inf
  Source:                 sw[0]
                            (input port)
  Destination:            led[0]
                            (output port)
  Path Group:             (none)
  Path Type:              Max at Slow Process Corner
  Data Path Delay:        9.245ns  (logic 4.618ns (49.954%)  route 4.627ns (50.046%))
  Logic Levels:           3  (IBUF=1 LUT1=1 OBUF=1)

    Location             Delay type                Incr(ns)  Path(ns)    Netlist Resource(s)
  -------------------------------------------------------------------    -------------------
    F22                                               0.000     0.000 f  sw[0] (IN)
                         net (fo=0)                   0.000     0.000    sw[0]
    F22                  IBUF (Prop_ibuf_I_O)         0.972     0.972 f  sw_IBUF[0]_inst/O
                         net (fo=1, routed)           2.094     3.066    sw_IBUF[0]
    SLICE_X113Y74        LUT1 (Prop_lut1_I0_O)        0.124     3.190 r  led_OBUF[0]_inst_i_1/O
                         net (fo=1, routed)           2.533     5.723    led_OBUF[0]
    T22                  OBUF (Prop_obuf_I_O)         3.522     9.245 r  led_OBUF[0]_inst/O
                         net (fo=0)                   0.000     9.245    led[0]
    T22                                                               r  led[0] (OUT)
  -------------------------------------------------------------------    -------------------

Slack:                    inf
  Source:                 sw[1]
                            (input port)
  Destination:            led[1]
                            (output port)
  Path Group:             (none)
  Path Type:              Max at Slow Process Corner
  Data Path Delay:        9.048ns  (logic 4.592ns (50.754%)  route 4.456ns (49.246%))
  Logic Levels:           3  (IBUF=1 LUT2=1 OBUF=1)

    Location             Delay type                Incr(ns)  Path(ns)    Netlist Resource(s)
  -------------------------------------------------------------------    -------------------
    G22                                               0.000     0.000 r  sw[1] (IN)
                         net (fo=0)                   0.000     0.000    sw[1]
    G22                  IBUF (Prop_ibuf_I_O)         0.954     0.954 r  sw_IBUF[1]_inst/O
                         net (fo=2, routed)           1.670     2.625    sw_IBUF[1]
    SLICE_X113Y84        LUT2 (Prop_lut2_I0_O)        0.124     2.749 r  led_OBUF[1]_inst_i_1/O
                         net (fo=1, routed)           2.785     5.534    led_OBUF[1]
    T21                  OBUF (Prop_obuf_I_O)         3.514     9.048 r  led_OBUF[1]_inst/O
                         net (fo=0)                   0.000     9.048    led[1]
    T21                                                               r  led[1] (OUT)
  -------------------------------------------------------------------    -------------------

Slack:                    inf
  Source:                 sw[6]
                            (input port)
  Destination:            led[6]
                            (output port)
  Path Group:             (none)
  Path Type:              Max at Slow Process Corner
  Data Path Delay:        8.437ns  (logic 4.452ns (52.761%)  route 3.986ns (47.239%))
  Logic Levels:           2  (IBUF=1 OBUF=1)

    Location             Delay type                Incr(ns)  Path(ns)    Netlist Resource(s)
  -------------------------------------------------------------------    -------------------
    H17                                               0.000     0.000 r  sw[6] (IN)
                         net (fo=0)                   0.000     0.000    sw[6]
    H17                  IBUF (Prop_ibuf_I_O)         0.939     0.939 r  sw_IBUF[6]_inst/O
                         net (fo=1, routed)           3.986     4.925    led_OBUF[6]
    U19                  OBUF (Prop_obuf_I_O)         3.512     8.437 r  led_OBUF[6]_inst/O
                         net (fo=0)                   0.000     8.437    led[6]
    U19                                                               r  led[6] (OUT)
  -------------------------------------------------------------------    -------------------

Slack:                    inf
  Source:                 sw[5]
                            (input port)
  Destination:            led[5]
                            (output port)
  Path Group:             (none)
  Path Type:              Max at Slow Process Corner
  Data Path Delay:        8.417ns  (logic 4.465ns (53.052%)  route 3.952ns (46.948%))
  Logic Levels:           2  (IBUF=1 OBUF=1)

    Location             Delay type                Incr(ns)  Path(ns)    Netlist Resource(s)
  -------------------------------------------------------------------    -------------------
    H18                                               0.000     0.000 r  sw[5] (IN)
                         net (fo=0)                   0.000     0.000    sw[5]
    H18                  IBUF (Prop_ibuf_I_O)         0.934     0.934 r  sw_IBUF[5]_inst/O
                         net (fo=1, routed)           3.952     4.886    led_OBUF[5]
    W22                  OBUF (Prop_obuf_I_O)         3.531     8.417 r  led_OBUF[5]_inst/O
                         net (fo=0)                   0.000     8.417    led[5]
    W22                                                               r  led[5] (OUT)
  -------------------------------------------------------------------    -------------------

Slack:                    inf
  Source:                 sw[7]
                            (input port)
  Destination:            led[7]
                            (output port)
  Path Group:             (none)
  Path Type:              Max at Slow Process Corner
  Data Path Delay:        8.303ns  (logic 4.458ns (53.691%)  route 3.845ns (46.309%))
  Logic Levels:           2  (IBUF=1 OBUF=1)

    Location             Delay type                Incr(ns)  Path(ns)    Netlist Resource(s)
  -------------------------------------------------------------------    -------------------
    M15                                               0.000     0.000 r  sw[7] (IN)
                         net (fo=0)                   0.000     0.000    sw[7]
    M15                  IBUF (Prop_ibuf_I_O)         0.956     0.956 r  sw_IBUF[7]_inst/O
                         net (fo=1, routed)           3.845     4.801    led_OBUF[7]
    U14                  OBUF (Prop_obuf_I_O)         3.502     8.303 r  led_OBUF[7]_inst/O
                         net (fo=0)                   0.000     8.303    led[7]
    U14                                                               r  led[7] (OUT)
  -------------------------------------------------------------------    -------------------

Slack:                    inf
  Source:                 sw[4]
                            (input port)
  Destination:            led[4]
                            (output port)
  Path Group:             (none)
  Path Type:              Max at Slow Process Corner
  Data Path Delay:        8.186ns  (logic 4.456ns (54.432%)  route 3.730ns (45.568%))
  Logic Levels:           2  (IBUF=1 OBUF=1)

    Location             Delay type                Incr(ns)  Path(ns)    Netlist Resource(s)
  -------------------------------------------------------------------    -------------------
    H19                                               0.000     0.000 r  sw[4] (IN)
                         net (fo=0)                   0.000     0.000    sw[4]
    H19                  IBUF (Prop_ibuf_I_O)         0.919     0.919 r  sw_IBUF[4]_inst/O
                         net (fo=1, routed)           3.730     4.649    led_OBUF[4]
    V22                  OBUF (Prop_obuf_I_O)         3.537     8.186 r  led_OBUF[4]_inst/O
                         net (fo=0)                   0.000     8.186    led[4]
    V22                                                               r  led[4] (OUT)
  -------------------------------------------------------------------    -------------------





Min Delay Paths
--------------------------------------------------------------------------------------
Slack:                    inf
  Source:                 sw[4]
                            (input port)
  Destination:            led[4]
                            (output port)
  Path Group:             (none)
  Path Type:              Min at Fast Process Corner
  Data Path Delay:        2.478ns  (logic 1.386ns (55.926%)  route 1.092ns (44.074%))
  Logic Levels:           2  (IBUF=1 OBUF=1)

    Location             Delay type                Incr(ns)  Path(ns)    Netlist Resource(s)
  -------------------------------------------------------------------    -------------------
    H19                                               0.000     0.000 r  sw[4] (IN)
                         net (fo=0)                   0.000     0.000    sw[4]
    H19                  IBUF (Prop_ibuf_I_O)         0.148     0.148 r  sw_IBUF[4]_inst/O
                         net (fo=1, routed)           1.092     1.240    led_OBUF[4]
    V22                  OBUF (Prop_obuf_I_O)         1.238     2.478 r  led_OBUF[4]_inst/O
                         net (fo=0)                   0.000     2.478    led[4]
    V22                                                               r  led[4] (OUT)
  -------------------------------------------------------------------    -------------------

Slack:                    inf
  Source:                 sw[7]
                            (input port)
  Destination:            led[7]
                            (output port)
  Path Group:             (none)
  Path Type:              Min at Fast Process Corner
  Data Path Delay:        2.479ns  (logic 1.388ns (55.990%)  route 1.091ns (44.010%))
  Logic Levels:           2  (IBUF=1 OBUF=1)

    Location             Delay type                Incr(ns)  Path(ns)    Netlist Resource(s)
  -------------------------------------------------------------------    -------------------
    M15                                               0.000     0.000 r  sw[7] (IN)
                         net (fo=0)                   0.000     0.000    sw[7]
    M15                  IBUF (Prop_ibuf_I_O)         0.185     0.185 r  sw_IBUF[7]_inst/O
                         net (fo=1, routed)           1.091     1.276    led_OBUF[7]
    U14                  OBUF (Prop_obuf_I_O)         1.203     2.479 r  led_OBUF[7]_inst/O
                         net (fo=0)                   0.000     2.479    led[7]
    U14                                                               r  led[7] (OUT)
  -------------------------------------------------------------------    -------------------

Slack:                    inf
  Source:                 sw[6]
                            (input port)
  Destination:            led[6]
                            (output port)
  Path Group:             (none)
  Path Type:              Min at Fast Process Corner
  Data Path Delay:        2.513ns  (logic 1.382ns (54.973%)  route 1.132ns (45.027%))
  Logic Levels:           2  (IBUF=1 OBUF=1)

    Location             Delay type                Incr(ns)  Path(ns)    Netlist Resource(s)
  -------------------------------------------------------------------    -------------------
    H17                                               0.000     0.000 r  sw[6] (IN)
                         net (fo=0)                   0.000     0.000    sw[6]
    H17                  IBUF (Prop_ibuf_I_O)         0.168     0.168 r  sw_IBUF[6]_inst/O
                         net (fo=1, routed)           1.132     1.300    led_OBUF[6]
    U19                  OBUF (Prop_obuf_I_O)         1.213     2.513 r  led_OBUF[6]_inst/O
                         net (fo=0)                   0.000     2.513    led[6]
    U19                                                               r  led[6] (OUT)
  -------------------------------------------------------------------    -------------------

Slack:                    inf
  Source:                 sw[5]
                            (input port)
  Destination:            led[5]
                            (output port)
  Path Group:             (none)
  Path Type:              Min at Fast Process Corner
  Data Path Delay:        2.624ns  (logic 1.395ns (53.180%)  route 1.229ns (46.820%))
  Logic Levels:           2  (IBUF=1 OBUF=1)

    Location             Delay type                Incr(ns)  Path(ns)    Netlist Resource(s)
  -------------------------------------------------------------------    -------------------
    H18                                               0.000     0.000 r  sw[5] (IN)
                         net (fo=0)                   0.000     0.000    sw[5]
    H18                  IBUF (Prop_ibuf_I_O)         0.163     0.163 r  sw_IBUF[5]_inst/O
                         net (fo=1, routed)           1.229     1.392    led_OBUF[5]
    W22                  OBUF (Prop_obuf_I_O)         1.232     2.624 r  led_OBUF[5]_inst/O
                         net (fo=0)                   0.000     2.624    led[5]
    W22                                                               r  led[5] (OUT)
  -------------------------------------------------------------------    -------------------

Slack:                    inf
  Source:                 sw[2]
                            (input port)
  Destination:            led[1]
                            (output port)
  Path Group:             (none)
  Path Type:              Min at Fast Process Corner
  Data Path Delay:        2.903ns  (logic 1.430ns (49.259%)  route 1.473ns (50.741%))
  Logic Levels:           3  (IBUF=1 LUT2=1 OBUF=1)

    Location             Delay type                Incr(ns)  Path(ns)    Netlist Resource(s)
  -------------------------------------------------------------------    -------------------
    H22                                               0.000     0.000 f  sw[2] (IN)
                         net (fo=0)                   0.000     0.000    sw[2]
    H22                  IBUF (Prop_ibuf_I_O)         0.170     0.170 f  sw_IBUF[2]_inst/O
                         net (fo=3, routed)           0.647     0.817    sw_IBUF[2]
    SLICE_X113Y84        LUT2 (Prop_lut2_I1_O)        0.045     0.862 r  led_OBUF[1]_inst_i_1/O
                         net (fo=1, routed)           0.826     1.688    led_OBUF[1]
    T21                  OBUF (Prop_obuf_I_O)         1.215     2.903 r  led_OBUF[1]_inst/O
                         net (fo=0)                   0.000     2.903    led[1]
    T21                                                               r  led[1] (OUT)
  -------------------------------------------------------------------    -------------------

Slack:                    inf
  Source:                 sw[0]
                            (input port)
  Destination:            led[0]
                            (output port)
  Path Group:             (none)
  Path Type:              Min at Fast Process Corner
  Data Path Delay:        3.012ns  (logic 1.469ns (48.774%)  route 1.543ns (51.226%))
  Logic Levels:           3  (IBUF=1 LUT1=1 OBUF=1)

    Location             Delay type                Incr(ns)  Path(ns)    Netlist Resource(s)
  -------------------------------------------------------------------    -------------------
    F22                                               0.000     0.000 f  sw[0] (IN)
                         net (fo=0)                   0.000     0.000    sw[0]
    F22                  IBUF (Prop_ibuf_I_O)         0.201     0.201 f  sw_IBUF[0]_inst/O
                         net (fo=1, routed)           0.844     1.044    sw_IBUF[0]
    SLICE_X113Y74        LUT1 (Prop_lut1_I0_O)        0.045     1.089 r  led_OBUF[0]_inst_i_1/O
                         net (fo=1, routed)           0.699     1.788    led_OBUF[0]
    T22                  OBUF (Prop_obuf_I_O)         1.223     3.012 r  led_OBUF[0]_inst/O
                         net (fo=0)                   0.000     3.012    led[0]
    T22                                                               r  led[0] (OUT)
  -------------------------------------------------------------------    -------------------

Slack:                    inf
  Source:                 sw[2]
                            (input port)
  Destination:            led[3]
                            (output port)
  Path Group:             (none)
  Path Type:              Min at Fast Process Corner
  Data Path Delay:        3.024ns  (logic 1.446ns (47.818%)  route 1.578ns (52.182%))
  Logic Levels:           3  (IBUF=1 LUT2=1 OBUF=1)

    Location             Delay type                Incr(ns)  Path(ns)    Netlist Resource(s)
  -------------------------------------------------------------------    -------------------
    H22                                               0.000     0.000 r  sw[2] (IN)
                         net (fo=0)                   0.000     0.000    sw[2]
    H22                  IBUF (Prop_ibuf_I_O)         0.170     0.170 r  sw_IBUF[2]_inst/O
                         net (fo=3, routed)           0.647     0.817    sw_IBUF[2]
    SLICE_X113Y84        LUT2 (Prop_lut2_I0_O)        0.045     0.862 r  led_OBUF[3]_inst_i_1/O
                         net (fo=1, routed)           0.931     1.793    led_OBUF[3]
    U21                  OBUF (Prop_obuf_I_O)         1.231     3.024 r  led_OBUF[3]_inst/O
                         net (fo=0)                   0.000     3.024    led[3]
    U21                                                               r  led[3] (OUT)
  -------------------------------------------------------------------    -------------------

Slack:                    inf
  Source:                 sw[2]
                            (input port)
  Destination:            led[2]
                            (output port)
  Path Group:             (none)
  Path Type:              Min at Fast Process Corner
  Data Path Delay:        3.113ns  (logic 1.510ns (48.515%)  route 1.602ns (51.485%))
  Logic Levels:           3  (IBUF=1 LUT3=1 OBUF=1)

    Location             Delay type                Incr(ns)  Path(ns)    Netlist Resource(s)
  -------------------------------------------------------------------    -------------------
    H22                                               0.000     0.000 r  sw[2] (IN)
                         net (fo=0)                   0.000     0.000    sw[2]
    H22                  IBUF (Prop_ibuf_I_O)         0.170     0.170 r  sw_IBUF[2]_inst/O
                         net (fo=3, routed)           0.647     0.817    sw_IBUF[2]
    SLICE_X113Y84        LUT3 (Prop_lut3_I2_O)        0.046     0.863 r  led_OBUF[2]_inst_i_1/O
                         net (fo=1, routed)           0.956     1.819    led_OBUF[2]
    U22                  OBUF (Prop_obuf_I_O)         1.294     3.113 r  led_OBUF[2]_inst/O
                         net (fo=0)                   0.000     3.113    led[2]
    U22                                                               r  led[2] (OUT)
  -------------------------------------------------------------------    -------------------





